// Jest Snapshot v1, https://goo.gl/fbAQLP

exports[`Snippet Test Initial render should match snapshots 1`] = `
<div>
  <div
    class="flexCenter snippet"
  >
    <span
      class="icon"
    >
      <span
        class="bp3-icon StyledProps--main"
        data-icon="main-code-yaml"
      >
        <svg
          enable-background="new 0 0 14 11"
          height="25"
          viewBox="0 0 14 11"
          width="25"
          xmlns="http://www.w3.org/2000/svg"
        >
          <path
            d="m4.2 2.8c0-.4-.3-.7-.7-.7-.2 0-.4 0-.5.2l-2.8 2.7c-.1.1-.2.3-.2.5s.1.4.2.5l2.8 2.7c.1.1.3.2.5.2.4 0 .7-.3.7-.7 0-.2-.1-.4-.2-.5l-2.3-2.2 2.3-2.3c.1-.1.2-.3.2-.4zm4.2-2.8c-.3 0-.6.2-.7.5l-2.8 9.6v.2c0 .4.3.7.7.7.3 0 .6-.2.7-.5l2.8-9.6c0-.1 0-.1 0-.2 0-.4-.3-.7-.7-.7zm5.4 5-2.8-2.7c-.1-.1-.3-.2-.5-.2-.4 0-.7.3-.7.7 0 .2.1.4.2.5l2.3 2.3-2.3 2.2c-.1.1-.2.3-.2.4 0 .4.3.7.7.7.2 0 .4-.1.5-.2l2.8-2.7c.1-.1.2-.3.2-.5s-.1-.4-.2-.5z"
            fill="#4d5969"
          />
        </svg>
      </span>
    </span>
    <div
      class="fullWidth"
    >
      <div
        class="name"
      >
        <div
          class="snippetName"
        >
          Sample snippet
        </div>
      </div>
      <div
        class="description"
      >
        Sample snippet for testing
      </div>
      <div
        class="snippetVersion"
      >
        version
         
        1.0
      </div>
    </div>
    <span
      class="bp3-popover-wrapper"
    >
      <span
        class="bp3-popover-target"
      >
        <div
          class="copy"
          tabindex="0"
        >
          <span
            class="bp3-icon StyledProps--main snippetIcon"
            data-icon="copy"
          >
            <svg
              height="20"
              viewBox="0 0 14 16"
              width="20"
              xmlns="http://www.w3.org/2000/svg"
            >
              <g
                fill="#22272D"
                fill-rule="nonzero"
                stroke="#22272D"
                stroke-width="0.25"
              >
                <path
                  d="M12.89.55H6.388a3.28 3.28 0 00-3.043 2.067C1.672 2.76.34 4.17.34 5.87v9.271c0 .17.138.308.307.308H7.15c1.35 0 2.543-.825 3.042-2.066 1.673-.144 3.006-1.554 3.006-3.255V.86A.307.307 0 0012.89.55zM7.15 14.835H.955V5.87c0-1.299.955-2.4 2.199-2.624-.002.01-.001.021-.003.032-.031.182-.05.367-.05.552v9.27c0 .17.138.308.308.308h6.105a2.67 2.67 0 01-2.364 1.425zm5.432-4.705a2.68 2.68 0 01-2.607 2.664H3.716V3.831a2.672 2.672 0 012.671-2.665h6.195v8.963z"
                />
                <path
                  d="M6.11 6.672a.308.308 0 000 .615h1.732V9.02a.308.308 0 00.616 0V7.287h1.733a.308.308 0 000-.615H8.458V4.939a.308.308 0 00-.616 0v1.733H6.11z"
                />
              </g>
            </svg>
          </span>
        </div>
      </span>
    </span>
  </div>
</div>
`;
