// Jest Snapshot v1, https://goo.gl/fbAQLP

exports[`Test Cases For PerspectiveBuilderMultiValueSelector Should Be Able To Select All 1`] = `
<div>
  <div
    class="StyledProps--font StyledProps--main valueContainer createPerspectiveMvs"
  >
    <div
      class="StyledProps--font StyledProps--main createValueContainer highlight"
    >
      <span
        class="StyledProps--font StyledProps--main StyledProps--inline StyledProps--color StyledProps--color-primary7"
      >
        create
      </span>
      <span
        class="StyledProps--font StyledProps--main searchText StyledProps--inline StyledProps--color StyledProps--color-grey500 StyledProps--margin-left-small"
        style="display: inline-flex; align-items: center;"
      >
        val
        <span
          class="bp3-icon bp3-icon-cross StyledProps--main Text--icon StyledProps--padding-left-xsmall StyledProps--color StyledProps--color-grey500"
          icon="cross"
        >
          <svg
            data-icon="cross"
            height="12"
            viewBox="0 0 16 16"
            width="12"
          >
            <desc>
              cross
            </desc>
            <path
              d="M9.41 8l3.29-3.29c.19-.18.3-.43.3-.71a1.003 1.003 0 00-1.71-.71L8 6.59l-3.29-3.3a1.003 1.003 0 00-1.42 1.42L6.59 8 3.3 11.29c-.19.18-.3.43-.3.71a1.003 1.003 0 001.71.71L8 9.41l3.29 3.29c.18.19.43.3.71.3a1.003 1.003 0 00.71-1.71L9.41 8z"
              fill-rule="evenodd"
            />
          </svg>
        </span>
      </span>
    </div>
    <div
      class="StyledProps--font StyledProps--main separator"
    />
    <div
      class="StyledProps--font StyledProps--main multiSelectOption StyledProps--flex StyledProps--flex-justifyContent-flex-start"
    >
      <label
        class="bp3-control bp3-checkbox StyledProps--font Checkbox--checkbox checkbox StyledProps--main StyledProps--inline"
      >
        <input
          type="checkbox"
        />
        <span
          class="bp3-control-indicator"
        />
      </label>
      <span
        class="StyledProps--font StyledProps--main StyledProps--inline StyledProps--color StyledProps--color-grey700 StyledProps--font-variation-small-semi"
      >
        ce.perspectives.createPerspective.filters.selectAll
      </span>
    </div>
    <div
      class="StyledProps--font StyledProps--main"
    >
      <div
        data-test-id="virtuoso-scroller"
        data-virtuoso-scroller="true"
        style="height: 344px; outline: none; overflow-y: auto; position: relative;"
        tabindex="0"
      >
        <div
          data-viewport-type="element"
          style="width: 100%; height: 100%; position: absolute; top: 0px;"
        >
          <div
            data-test-id="virtuoso-item-list"
            style="box-sizing: border-box; padding-top: 0px; padding-bottom: 0px; margin-top: 0px;"
          >
            <div
              data-index="0"
              data-item-index="0"
              data-known-size="0"
            >
              <div
                class="StyledProps--font StyledProps--main multiSelectOption StyledProps--flex StyledProps--flex-justifyContent-flex-start"
              >
                <label
                  class="bp3-control bp3-checkbox StyledProps--font Checkbox--checkbox checkbox labelItem StyledProps--main StyledProps--inline StyledProps--color StyledProps--color-primary7"
                >
                  <input
                    checked=""
                    type="checkbox"
                    value="value1"
                  />
                  <span
                    class="bp3-control-indicator"
                  />
                </label>
                <p
                  class="StyledProps--font Text--lineclamp StyledProps--main StyledProps--color StyledProps--color-grey700 StyledProps--font-variation-small-semi"
                  style="--text-line-clamp: 1;"
                >
                  <span
                    class="StyledProps--font StyledProps--main StyledProps--inline"
                  >
                    
                  </span>
                  <span
                    class="StyledProps--font StyledProps--main searchTextHighlight StyledProps--inline"
                  >
                    val
                  </span>
                  <span
                    class="StyledProps--font StyledProps--main StyledProps--inline"
                  >
                    ue1
                  </span>
                </p>
              </div>
            </div>
            <div
              data-index="1"
              data-item-index="1"
              data-known-size="0"
            >
              <div
                class="StyledProps--font StyledProps--main multiSelectOption StyledProps--flex StyledProps--flex-justifyContent-flex-start"
              >
                <label
                  class="bp3-control bp3-checkbox StyledProps--font Checkbox--checkbox checkbox labelItem StyledProps--main StyledProps--inline StyledProps--color StyledProps--color-primary7"
                >
                  <input
                    type="checkbox"
                    value="value2"
                  />
                  <span
                    class="bp3-control-indicator"
                  />
                </label>
                <p
                  class="StyledProps--font Text--lineclamp StyledProps--main StyledProps--color StyledProps--color-grey700 StyledProps--font-variation-small-semi"
                  style="--text-line-clamp: 1;"
                >
                  <span
                    class="StyledProps--font StyledProps--main StyledProps--inline"
                  >
                    
                  </span>
                  <span
                    class="StyledProps--font StyledProps--main searchTextHighlight StyledProps--inline"
                  >
                    val
                  </span>
                  <span
                    class="StyledProps--font StyledProps--main StyledProps--inline"
                  >
                    ue2
                  </span>
                </p>
              </div>
            </div>
            <div
              data-index="2"
              data-item-index="2"
              data-known-size="0"
            >
              <div
                class="StyledProps--font StyledProps--main multiSelectOption StyledProps--flex StyledProps--flex-justifyContent-flex-start"
              >
                <label
                  class="bp3-control bp3-checkbox StyledProps--font Checkbox--checkbox checkbox labelItem StyledProps--main StyledProps--inline StyledProps--color StyledProps--color-primary7"
                >
                  <input
                    type="checkbox"
                    value="value3"
                  />
                  <span
                    class="bp3-control-indicator"
                  />
                </label>
                <p
                  class="StyledProps--font Text--lineclamp StyledProps--main StyledProps--color StyledProps--color-grey700 StyledProps--font-variation-small-semi"
                  style="--text-line-clamp: 1;"
                >
                  <span
                    class="StyledProps--font StyledProps--main StyledProps--inline"
                  >
                    
                  </span>
                  <span
                    class="StyledProps--font StyledProps--main searchTextHighlight StyledProps--inline"
                  >
                    val
                  </span>
                  <span
                    class="StyledProps--font StyledProps--main StyledProps--inline"
                  >
                    ue3
                  </span>
                </p>
              </div>
            </div>
            <div
              data-index="3"
              data-item-index="3"
              data-known-size="0"
            />
            <div
              data-index="4"
              data-item-index="4"
              data-known-size="0"
            />
            <div
              data-index="5"
              data-item-index="5"
              data-known-size="0"
            />
            <div
              data-index="6"
              data-item-index="6"
              data-known-size="0"
            />
            <div
              data-index="7"
              data-item-index="7"
              data-known-size="0"
            />
            <div
              data-index="8"
              data-item-index="8"
              data-known-size="0"
            />
            <div
              data-index="9"
              data-item-index="9"
              data-known-size="0"
            />
            <div
              data-index="10"
              data-item-index="10"
              data-known-size="0"
            />
            <div
              data-index="11"
              data-item-index="11"
              data-known-size="0"
            />
            <div
              data-index="12"
              data-item-index="12"
              data-known-size="0"
            />
            <div
              data-index="13"
              data-item-index="13"
              data-known-size="0"
            />
            <div
              data-index="14"
              data-item-index="14"
              data-known-size="0"
            />
            <div
              data-index="15"
              data-item-index="15"
              data-known-size="0"
            />
            <div
              data-index="16"
              data-item-index="16"
              data-known-size="0"
            />
            <div
              data-index="17"
              data-item-index="17"
              data-known-size="0"
            />
            <div
              data-index="18"
              data-item-index="18"
              data-known-size="0"
            />
            <div
              data-index="19"
              data-item-index="19"
              data-known-size="0"
            />
            <div
              data-index="20"
              data-item-index="20"
              data-known-size="0"
            />
            <div
              data-index="21"
              data-item-index="21"
              data-known-size="0"
            />
            <div
              data-index="22"
              data-item-index="22"
              data-known-size="0"
            />
            <div
              data-index="23"
              data-item-index="23"
              data-known-size="0"
            />
            <div
              data-index="24"
              data-item-index="24"
              data-known-size="0"
            />
            <div
              data-index="25"
              data-item-index="25"
              data-known-size="0"
            />
            <div
              data-index="26"
              data-item-index="26"
              data-known-size="0"
            />
            <div
              data-index="27"
              data-item-index="27"
              data-known-size="0"
            />
            <div
              data-index="28"
              data-item-index="28"
              data-known-size="0"
            />
            <div
              data-index="29"
              data-item-index="29"
              data-known-size="0"
            />
            <div
              data-index="30"
              data-item-index="30"
              data-known-size="0"
            />
            <div
              data-index="31"
              data-item-index="31"
              data-known-size="0"
            />
            <div
              data-index="32"
              data-item-index="32"
              data-known-size="0"
            />
            <div
              data-index="33"
              data-item-index="33"
              data-known-size="0"
            />
            <div
              data-index="34"
              data-item-index="34"
              data-known-size="0"
            />
            <div
              data-index="35"
              data-item-index="35"
              data-known-size="0"
            />
            <div
              data-index="36"
              data-item-index="36"
              data-known-size="0"
            />
            <div
              data-index="37"
              data-item-index="37"
              data-known-size="0"
            />
            <div
              data-index="38"
              data-item-index="38"
              data-known-size="0"
            />
            <div
              data-index="39"
              data-item-index="39"
              data-known-size="0"
            />
            <div
              data-index="40"
              data-item-index="40"
              data-known-size="0"
            />
            <div
              data-index="41"
              data-item-index="41"
              data-known-size="0"
            />
            <div
              data-index="42"
              data-item-index="42"
              data-known-size="0"
            />
            <div
              data-index="43"
              data-item-index="43"
              data-known-size="0"
            />
            <div
              data-index="44"
              data-item-index="44"
              data-known-size="0"
            />
            <div
              data-index="45"
              data-item-index="45"
              data-known-size="0"
            />
            <div
              data-index="46"
              data-item-index="46"
              data-known-size="0"
            />
            <div
              data-index="47"
              data-item-index="47"
              data-known-size="0"
            />
            <div
              data-index="48"
              data-item-index="48"
              data-known-size="0"
            />
            <div
              data-index="49"
              data-item-index="49"
              data-known-size="0"
            />
            <div
              data-index="50"
              data-item-index="50"
              data-known-size="0"
            />
            <div
              data-index="51"
              data-item-index="51"
              data-known-size="0"
            />
            <div
              data-index="52"
              data-item-index="52"
              data-known-size="0"
            />
            <div
              data-index="53"
              data-item-index="53"
              data-known-size="0"
            />
            <div
              data-index="54"
              data-item-index="54"
              data-known-size="0"
            />
            <div
              data-index="55"
              data-item-index="55"
              data-known-size="0"
            />
            <div
              data-index="56"
              data-item-index="56"
              data-known-size="0"
            />
            <div
              data-index="57"
              data-item-index="57"
              data-known-size="0"
            />
            <div
              data-index="58"
              data-item-index="58"
              data-known-size="0"
            />
            <div
              data-index="59"
              data-item-index="59"
              data-known-size="0"
            />
            <div
              data-index="60"
              data-item-index="60"
              data-known-size="0"
            />
            <div
              data-index="61"
              data-item-index="61"
              data-known-size="0"
            />
            <div
              data-index="62"
              data-item-index="62"
              data-known-size="0"
            />
            <div
              data-index="63"
              data-item-index="63"
              data-known-size="0"
            />
            <div
              data-index="64"
              data-item-index="64"
              data-known-size="0"
            />
            <div
              data-index="65"
              data-item-index="65"
              data-known-size="0"
            />
            <div
              data-index="66"
              data-item-index="66"
              data-known-size="0"
            />
            <div
              data-index="67"
              data-item-index="67"
              data-known-size="0"
            />
            <div
              data-index="68"
              data-item-index="68"
              data-known-size="0"
            />
            <div
              data-index="69"
              data-item-index="69"
              data-known-size="0"
            />
            <div
              data-index="70"
              data-item-index="70"
              data-known-size="0"
            />
            <div
              data-index="71"
              data-item-index="71"
              data-known-size="0"
            />
            <div
              data-index="72"
              data-item-index="72"
              data-known-size="0"
            />
            <div
              data-index="73"
              data-item-index="73"
              data-known-size="0"
            />
            <div
              data-index="74"
              data-item-index="74"
              data-known-size="0"
            />
            <div
              data-index="75"
              data-item-index="75"
              data-known-size="0"
            />
            <div
              data-index="76"
              data-item-index="76"
              data-known-size="0"
            />
            <div
              data-index="77"
              data-item-index="77"
              data-known-size="0"
            />
            <div
              data-index="78"
              data-item-index="78"
              data-known-size="0"
            />
            <div
              data-index="79"
              data-item-index="79"
              data-known-size="0"
            />
            <div
              data-index="80"
              data-item-index="80"
              data-known-size="0"
            />
            <div
              data-index="81"
              data-item-index="81"
              data-known-size="0"
            />
            <div
              data-index="82"
              data-item-index="82"
              data-known-size="0"
            />
            <div
              data-index="83"
              data-item-index="83"
              data-known-size="0"
            />
            <div
              data-index="84"
              data-item-index="84"
              data-known-size="0"
            />
            <div
              data-index="85"
              data-item-index="85"
              data-known-size="0"
            />
            <div
              data-index="86"
              data-item-index="86"
              data-known-size="0"
            />
            <div
              data-index="87"
              data-item-index="87"
              data-known-size="0"
            />
            <div
              data-index="88"
              data-item-index="88"
              data-known-size="0"
            />
            <div
              data-index="89"
              data-item-index="89"
              data-known-size="0"
            />
            <div
              data-index="90"
              data-item-index="90"
              data-known-size="0"
            />
            <div
              data-index="91"
              data-item-index="91"
              data-known-size="0"
            />
            <div
              data-index="92"
              data-item-index="92"
              data-known-size="0"
            />
            <div
              data-index="93"
              data-item-index="93"
              data-known-size="0"
            />
            <div
              data-index="94"
              data-item-index="94"
              data-known-size="0"
            />
            <div
              data-index="95"
              data-item-index="95"
              data-known-size="0"
            />
            <div
              data-index="96"
              data-item-index="96"
              data-known-size="0"
            />
            <div
              data-index="97"
              data-item-index="97"
              data-known-size="0"
            />
            <div
              data-index="98"
              data-item-index="98"
              data-known-size="0"
            />
            <div
              data-index="99"
              data-item-index="99"
              data-known-size="0"
            />
          </div>
          <div />
        </div>
      </div>
    </div>
  </div>
</div>
`;
