// Jest Snapshot v1, https://goo.gl/fbAQLP

exports[`CIUsageInfo CIUsageInfo 1`] = `
<div>
  <div
    class="Layout--horizontal Layout--layout-spacing-large StyledProps--main"
  >
    <div
      class="bp3-card bp3-elevation-0 Card--card innerCard"
    >
      <div
        class="Layout--vertical StyledProps--main"
      >
        <div
          class="Layout--horizontal StyledProps--main StyledProps--flex StyledProps--flex-alignItems-baseline StyledProps--flex-justifyContent-space-between"
        >
          <div
            class="Layout--horizontal Layout--layout-spacing-xsmall StyledProps--main StyledProps--flex StyledProps--flex-alignItems-baseline"
          >
            <p
              class="StyledProps--font StyledProps--main StyledProps--font-size-small StyledProps--color StyledProps--color-grey700"
            >
              common.subscriptions.usage.activeDevelopers
            </p>
            <span
              class="bp3-popover-wrapper"
            >
              <span
                class="bp3-popover-target"
              >
                <span
                  class="bp3-icon StyledProps--main"
                  data-icon="info"
                  tabindex="0"
                >
                  <svg
                    height="15"
                    viewBox="0 0 12 12"
                    width="15"
                    xmlns="http://www.w3.org/2000/svg"
                  >
                    <defs />
                    <path
                      clip-rule="evenodd"
                      d="M0 6c0 3.31371 2.68629 6 6 6s6-2.68629 6-6-2.68629-6-6-6-6 2.68629-6 6zm.75 0c0 2.8995 2.35051 5.25 5.25 5.25 2.8995 0 5.25-2.3505 5.25-5.25C11.25 3.10051 8.8995.75 6 .75 3.10051.75.75 3.10051.75 6zm4.2063 3.104v.646h2.6814v-.646l-.8357-.14355V4.20264H4.9563v.65112l.83569.14355v3.96314L4.9563 9.104zM6.802 1.75195v1.03052H5.79199V1.75195H6.802z"
                      fill-rule="evenodd"
                    />
                  </svg>
                </span>
              </span>
            </span>
          </div>
          <p
            class="StyledProps--font StyledProps--main StyledProps--font-size-small StyledProps--color StyledProps--color-grey500"
          >
            Last 30 Days
          </p>
        </div>
        <p
          class="StyledProps--font StyledProps--main StyledProps--font-size-large StyledProps--font-weight-bold StyledProps--color StyledProps--color-black"
        >
          20
        </p>
        <div
          class="StyledProps--font StyledProps--main bar StyledProps--background-grey100 StyledProps--border StyledProps--margin-bottom-small"
          style="width: 100%; height: 10px;"
        >
          <div
            class="StyledProps--font StyledProps--main StyledProps--background-primary6 StyledProps--border"
            style="width: 20%; height: 100%;"
          />
        </div>
        <div
          class="Layout--horizontal StyledProps--main StyledProps--flex StyledProps--flex-justifyContent-space-between"
        >
          <p
            class="StyledProps--font StyledProps--main StyledProps--font-size-xsmall"
          >
            100
             
            common.subscribed
          </p>
        </div>
      </div>
    </div>
  </div>
</div>
`;
