// Jest Snapshot v1, https://goo.gl/fbAQLP

exports[`DeploymentsWidget should display correct data 1`] = `
<div>
  <div
    class="bp3-card bp3-elevation-0 Card--card card"
  >
    <div
      class="Layout--vertical StyledProps--main"
      style="height: 100%;"
    >
      <div
        class="deploymentsChartContainer"
      >
        <div
          class="Layout--vertical Layout--layout-spacing-large StyledProps--main"
        >
          <div
            class="StyledProps--font StyledProps--main StyledProps--flex"
          >
            <div
              class="Layout--horizontal Layout--layout-spacing-medium StyledProps--main"
            >
              <div
                class="StyledProps--font StyledProps--main summaryCardsContainer"
              >
                <div
                  class="StyledProps--font StyledProps--main summaryCard"
                >
                  <p
                    class="StyledProps--font StyledProps--main cardTitle StyledProps--font-size-medium StyledProps--color StyledProps--color-grey700"
                  >
                    deploymentsText
                  </p>
                  <div
                    class="Layout--horizontal StyledProps--main"
                  >
                    <div
                      class="Layout--horizontal StyledProps--main frequencyContainer"
                    >
                      <p
                        class="StyledProps--font StyledProps--main frequencyCount StyledProps--color StyledProps--color-black StyledProps--font-size-large StyledProps--font-weight-bold"
                      >
                        57
                      </p>
                    </div>
                    <div
                      class="StyledProps--font StyledProps--main trendContainer StyledProps--flex"
                    >
                      <div
                        class="StyledProps--font StyledProps--main StyledProps--flex"
                      >
                        <span
                          class="bp3-icon bp3-icon-caret-up StyledProps--main StyledProps--color StyledProps--color-green500"
                          icon="caret-up"
                        >
                          <svg
                            data-icon="caret-up"
                            height="16"
                            viewBox="0 0 16 16"
                            width="16"
                          >
                            <desc>
                              caret-up
                            </desc>
                            <path
                              d="M11.87 9.17s.01 0 0 0l-3.5-4C8.28 5.07 8.15 5 8 5s-.28.07-.37.17l-3.5 4a.495.495 0 00.37.83h7a.495.495 0 00.37-.83z"
                              fill-rule="evenodd"
                            />
                          </svg>
                        </span>
                        <p
                          class="StyledProps--font StyledProps--main StyledProps--font-xsmall StyledProps--color StyledProps--color-green500"
                        >
                          34.4%
                        </p>
                      </div>
                    </div>
                  </div>
                </div>
                <div
                  class="StyledProps--font StyledProps--main summaryCard"
                >
                  <p
                    class="StyledProps--font StyledProps--main cardTitle StyledProps--font-size-medium StyledProps--color StyledProps--color-grey700"
                  >
                    common.failureRate
                  </p>
                  <div
                    class="Layout--horizontal StyledProps--main"
                  >
                    <div
                      class="Layout--horizontal StyledProps--main frequencyContainer"
                    >
                      <p
                        class="StyledProps--font StyledProps--main frequencyCount StyledProps--color StyledProps--color-black StyledProps--font-size-large StyledProps--font-weight-bold"
                      >
                        24.2%
                      </p>
                    </div>
                    <div
                      class="StyledProps--font StyledProps--main trendContainer StyledProps--flex"
                    >
                      <div
                        class="StyledProps--font StyledProps--main StyledProps--flex"
                      >
                        <span
                          class="bp3-icon bp3-icon-caret-up StyledProps--main StyledProps--color StyledProps--color-green500"
                          icon="caret-up"
                        >
                          <svg
                            data-icon="caret-up"
                            height="16"
                            viewBox="0 0 16 16"
                            width="16"
                          >
                            <desc>
                              caret-up
                            </desc>
                            <path
                              d="M11.87 9.17s.01 0 0 0l-3.5-4C8.28 5.07 8.15 5 8 5s-.28.07-.37.17l-3.5 4a.495.495 0 00.37.83h7a.495.495 0 00.37-.83z"
                              fill-rule="evenodd"
                            />
                          </svg>
                        </span>
                        <p
                          class="StyledProps--font StyledProps--main StyledProps--font-xsmall StyledProps--color StyledProps--color-green500"
                        >
                          45.7%
                        </p>
                      </div>
                    </div>
                  </div>
                </div>
                <div
                  class="StyledProps--font StyledProps--main summaryCard"
                >
                  <p
                    class="StyledProps--font StyledProps--main cardTitle StyledProps--font-size-medium StyledProps--color StyledProps--color-grey700"
                  >
                    pipeline.deploymentFrequency
                  </p>
                  <div
                    class="Layout--horizontal StyledProps--main"
                  >
                    <div
                      class="Layout--horizontal StyledProps--main frequencyContainer"
                    >
                      <p
                        class="StyledProps--font StyledProps--main frequencyCount StyledProps--color StyledProps--color-black StyledProps--font-size-large StyledProps--font-weight-bold"
                      >
                        324
                      </p>
                    </div>
                    <div
                      class="StyledProps--font StyledProps--main trendContainer StyledProps--flex"
                    >
                      <div
                        class="StyledProps--font StyledProps--main StyledProps--flex"
                      >
                        <span
                          class="bp3-icon bp3-icon-caret-up StyledProps--main StyledProps--color StyledProps--color-green500"
                          icon="caret-up"
                        >
                          <svg
                            data-icon="caret-up"
                            height="16"
                            viewBox="0 0 16 16"
                            width="16"
                          >
                            <desc>
                              caret-up
                            </desc>
                            <path
                              d="M11.87 9.17s.01 0 0 0l-3.5-4C8.28 5.07 8.15 5 8 5s-.28.07-.37.17l-3.5 4a.495.495 0 00.37.83h7a.495.495 0 00.37-.83z"
                              fill-rule="evenodd"
                            />
                          </svg>
                        </span>
                        <p
                          class="StyledProps--font StyledProps--main StyledProps--font-xsmall StyledProps--color StyledProps--color-green500"
                        >
                          23.2%
                        </p>
                      </div>
                    </div>
                  </div>
                </div>
              </div>
            </div>
            <div
              class="StyledProps--font StyledProps--main toggleBtns StyledProps--flex"
            >
              <button
                class="bp3-button bp3-active bp3-minimal Button--button StyledProps--font StyledProps--main chartIcon active Button--with-current-color Button--iconOnly Button--without-shadow Button--withLeftIcon"
                type="button"
              >
                <span
                  class="bp3-icon StyledProps--main StyledProps--color StyledProps--color-primary6"
                  data-icon="bar-chart"
                >
                  <svg
                    fill="none"
                    height="12"
                    viewBox="0 0 14 11"
                    width="12"
                    xmlns="http://www.w3.org/2000/svg"
                  >
                    <path
                      d="M11.995 0v10.798H14V0h-2.005zM3.996 1.601v9.197h2.005V1.6H3.996zm4.003 1.601v7.596h1.998V3.202H7.999zM0 4.797v6h1.998v-6H0z"
                      fill="currentColor"
                    />
                  </svg>
                </span>
              </button>
              <button
                class="bp3-button bp3-minimal Button--button StyledProps--font StyledProps--main chartIcon Button--with-current-color Button--iconOnly Button--without-shadow Button--withLeftIcon"
                type="button"
              >
                <span
                  class="bp3-icon StyledProps--main StyledProps--color StyledProps--color-grey700"
                  data-icon="line-chart"
                >
                  <svg
                    fill="none"
                    height="12"
                    viewBox="0 0 14 11"
                    width="12"
                    xmlns="http://www.w3.org/2000/svg"
                  >
                    <path
                      d="M7.758 10.265L5.703 1.807l-2.799 4.1H0v-.746h2.51L6.032 0l2.076 8.546 2.81-3.765H14v.747h-2.706l-3.536 4.737z"
                      fill="currentColor"
                    />
                  </svg>
                </span>
              </button>
            </div>
          </div>
        </div>
      </div>
    </div>
  </div>
</div>
`;

exports[`DeploymentsWidget should render DeploymentsWidget 1`] = `
<div>
  <div
    class="bp3-card bp3-elevation-0 Card--card card"
  >
    <div
      class="Layout--vertical StyledProps--main"
      style="height: 100%;"
    >
      <div
        class="deploymentsChartContainer"
      >
        <div
          class="Layout--vertical Layout--layout-spacing-large StyledProps--main"
        >
          <div
            class="StyledProps--font StyledProps--main StyledProps--flex"
          >
            <div
              class="Layout--horizontal Layout--layout-spacing-medium StyledProps--main"
            >
              <div
                class="StyledProps--font StyledProps--main summaryCardsContainer"
              >
                <div
                  class="StyledProps--font StyledProps--main summaryCard"
                >
                  <p
                    class="StyledProps--font StyledProps--main cardTitle StyledProps--font-size-medium StyledProps--color StyledProps--color-grey700"
                  >
                    deploymentsText
                  </p>
                  <div
                    class="Layout--horizontal StyledProps--main"
                  >
                    <div
                      class="Layout--horizontal StyledProps--main frequencyContainer"
                    >
                      <p
                        class="StyledProps--font StyledProps--main frequencyCount StyledProps--color StyledProps--color-black StyledProps--font-size-large StyledProps--font-weight-bold"
                      >
                        57
                      </p>
                    </div>
                    <div
                      class="StyledProps--font StyledProps--main trendContainer StyledProps--flex"
                    >
                      <div
                        class="StyledProps--font StyledProps--main StyledProps--flex"
                      >
                        <span
                          class="bp3-icon bp3-icon-caret-up StyledProps--main StyledProps--color StyledProps--color-green500"
                          icon="caret-up"
                        >
                          <svg
                            data-icon="caret-up"
                            height="16"
                            viewBox="0 0 16 16"
                            width="16"
                          >
                            <desc>
                              caret-up
                            </desc>
                            <path
                              d="M11.87 9.17s.01 0 0 0l-3.5-4C8.28 5.07 8.15 5 8 5s-.28.07-.37.17l-3.5 4a.495.495 0 00.37.83h7a.495.495 0 00.37-.83z"
                              fill-rule="evenodd"
                            />
                          </svg>
                        </span>
                        <p
                          class="StyledProps--font StyledProps--main StyledProps--font-xsmall StyledProps--color StyledProps--color-green500"
                        >
                          34.4%
                        </p>
                      </div>
                    </div>
                  </div>
                </div>
                <div
                  class="StyledProps--font StyledProps--main summaryCard"
                >
                  <p
                    class="StyledProps--font StyledProps--main cardTitle StyledProps--font-size-medium StyledProps--color StyledProps--color-grey700"
                  >
                    common.failureRate
                  </p>
                  <div
                    class="Layout--horizontal StyledProps--main"
                  >
                    <div
                      class="Layout--horizontal StyledProps--main frequencyContainer"
                    >
                      <p
                        class="StyledProps--font StyledProps--main frequencyCount StyledProps--color StyledProps--color-black StyledProps--font-size-large StyledProps--font-weight-bold"
                      >
                        24.2%
                      </p>
                    </div>
                    <div
                      class="StyledProps--font StyledProps--main trendContainer StyledProps--flex"
                    >
                      <div
                        class="StyledProps--font StyledProps--main StyledProps--flex"
                      >
                        <span
                          class="bp3-icon bp3-icon-caret-up StyledProps--main StyledProps--color StyledProps--color-green500"
                          icon="caret-up"
                        >
                          <svg
                            data-icon="caret-up"
                            height="16"
                            viewBox="0 0 16 16"
                            width="16"
                          >
                            <desc>
                              caret-up
                            </desc>
                            <path
                              d="M11.87 9.17s.01 0 0 0l-3.5-4C8.28 5.07 8.15 5 8 5s-.28.07-.37.17l-3.5 4a.495.495 0 00.37.83h7a.495.495 0 00.37-.83z"
                              fill-rule="evenodd"
                            />
                          </svg>
                        </span>
                        <p
                          class="StyledProps--font StyledProps--main StyledProps--font-xsmall StyledProps--color StyledProps--color-green500"
                        >
                          45.7%
                        </p>
                      </div>
                    </div>
                  </div>
                </div>
                <div
                  class="StyledProps--font StyledProps--main summaryCard"
                >
                  <p
                    class="StyledProps--font StyledProps--main cardTitle StyledProps--font-size-medium StyledProps--color StyledProps--color-grey700"
                  >
                    pipeline.deploymentFrequency
                  </p>
                  <div
                    class="Layout--horizontal StyledProps--main"
                  >
                    <div
                      class="Layout--horizontal StyledProps--main frequencyContainer"
                    >
                      <p
                        class="StyledProps--font StyledProps--main frequencyCount StyledProps--color StyledProps--color-black StyledProps--font-size-large StyledProps--font-weight-bold"
                      >
                        324
                      </p>
                    </div>
                    <div
                      class="StyledProps--font StyledProps--main trendContainer StyledProps--flex"
                    >
                      <div
                        class="StyledProps--font StyledProps--main StyledProps--flex"
                      >
                        <span
                          class="bp3-icon bp3-icon-caret-up StyledProps--main StyledProps--color StyledProps--color-green500"
                          icon="caret-up"
                        >
                          <svg
                            data-icon="caret-up"
                            height="16"
                            viewBox="0 0 16 16"
                            width="16"
                          >
                            <desc>
                              caret-up
                            </desc>
                            <path
                              d="M11.87 9.17s.01 0 0 0l-3.5-4C8.28 5.07 8.15 5 8 5s-.28.07-.37.17l-3.5 4a.495.495 0 00.37.83h7a.495.495 0 00.37-.83z"
                              fill-rule="evenodd"
                            />
                          </svg>
                        </span>
                        <p
                          class="StyledProps--font StyledProps--main StyledProps--font-xsmall StyledProps--color StyledProps--color-green500"
                        >
                          23.2%
                        </p>
                      </div>
                    </div>
                  </div>
                </div>
              </div>
            </div>
            <div
              class="StyledProps--font StyledProps--main toggleBtns StyledProps--flex"
            >
              <button
                class="bp3-button bp3-active bp3-minimal Button--button StyledProps--font StyledProps--main chartIcon active Button--with-current-color Button--iconOnly Button--without-shadow Button--withLeftIcon"
                type="button"
              >
                <span
                  class="bp3-icon StyledProps--main StyledProps--color StyledProps--color-primary6"
                  data-icon="bar-chart"
                >
                  <svg
                    fill="none"
                    height="12"
                    viewBox="0 0 14 11"
                    width="12"
                    xmlns="http://www.w3.org/2000/svg"
                  >
                    <path
                      d="M11.995 0v10.798H14V0h-2.005zM3.996 1.601v9.197h2.005V1.6H3.996zm4.003 1.601v7.596h1.998V3.202H7.999zM0 4.797v6h1.998v-6H0z"
                      fill="currentColor"
                    />
                  </svg>
                </span>
              </button>
              <button
                class="bp3-button bp3-minimal Button--button StyledProps--font StyledProps--main chartIcon Button--with-current-color Button--iconOnly Button--without-shadow Button--withLeftIcon"
                type="button"
              >
                <span
                  class="bp3-icon StyledProps--main StyledProps--color StyledProps--color-grey700"
                  data-icon="line-chart"
                >
                  <svg
                    fill="none"
                    height="12"
                    viewBox="0 0 14 11"
                    width="12"
                    xmlns="http://www.w3.org/2000/svg"
                  >
                    <path
                      d="M7.758 10.265L5.703 1.807l-2.799 4.1H0v-.746h2.51L6.032 0l2.076 8.546 2.81-3.765H14v.747h-2.706l-3.536 4.737z"
                      fill="currentColor"
                    />
                  </svg>
                </span>
              </button>
            </div>
          </div>
        </div>
      </div>
    </div>
  </div>
</div>
`;
