// Jest Snapshot v1, https://goo.gl/fbAQLP

exports[`Create Common Problems Tab render data 1`] = `
<div>
  <div
    class="Layout--vertical StyledProps--main"
    style="width: 630px;"
  >
    <div
      class="Layout--horizontal Layout--layout-spacing-medium StyledProps--main"
      style="border-bottom: 0.5px solid #B0B1C4; justify-content: center; align-items: center;"
    >
      <span
        class="bp3-icon StyledProps--main"
        data-icon="support-troubleshoot"
      >
        <svg
          enable-background="new 0 0 60 60"
          height="18"
          viewBox="0 0 60 60"
          width="18"
          xmlns="http://www.w3.org/2000/svg"
        >
          <circle
            cx="30"
            cy="30"
            fill="#d4ecfc"
            r="30"
          />
          <path
            d="m18.7 21.4c-.6 2.4-7.1 2.6-6.6-.6.3-2.2.7-4.3 1.1-6.4.2-1.4-.7-.9-1.5-1.2-.5-.3-.5-.9.1-1 .8-.2 3.6-.1 4.6-.1.5 0 .8.3.8.7.1.5 0 .9-.1 1.3-.4 2.1-.9 4.3-1.1 6.3-.1.5 0 1.3.6 1.3.6-.1.9-.4 1.5-.5.4-.4.6-.1.6.2zm-3.2-14.7c1.3 0 2.2 1 2.2 2.2 0 1.3-1 2.3-2.2 2.2-1.2 0-2.2-1-2.2-2.2s1-2.2 2.2-2.2zm-.5-4.4c-7 0-12.7 5.7-12.7 12.7s5.7 12.6 12.7 12.6 12.6-5.6 12.6-12.6-5.6-12.7-12.6-12.7zm0-2.3c8.3 0 15 6.7 15 15s-6.7 15-15 15-15-6.7-15-15 6.7-15 15-15z"
            fill="#25a6f7"
            transform="translate(15 15)"
          />
        </svg>
      </span>
      <p
        class="StyledProps--font StyledProps--main StyledProps--color StyledProps--color-black StyledProps--font-size-medium StyledProps--font-weight-bold"
        style="line-height: 22px;"
      >
        delegates.delegateNotInstalled.tabs.commonProblems.hereIsWhatYouCanDo
      </p>
    </div>
    <div
      class="Layout--vertical StyledProps--main"
      style="width: 511px;"
    >
      <p
        class="StyledProps--font StyledProps--main StyledProps--color StyledProps--color-black StyledProps--font-weight-bold"
      >
        delegates.delegateNotInstalled.statusOfCluster
      </p>
      <a
        href="https://ngdocs.harness.io/"
        rel="noreferrer"
        style="text-align: end; font-size: 13px;"
        target="_blank"
      >
        delegates.delegateNotInstalled.tabs.commonProblems.troubleshoot
      </a>
      <div
        class="StyledProps--font StyledProps--main verificationField StyledProps--intent-primary StyledProps--padding-small StyledProps--font-align-center StyledProps--flex"
      >
        <p
          class="StyledProps--font StyledProps--main"
          style="margin-right: 24px;"
        >
          delegates.delegateNotInstalled.podCommand
        </p>
        <span
          class="bp3-popover-wrapper"
        >
          <span
            class="bp3-popover-target"
          >
            <div
              class=""
              tabindex="0"
            >
              <span
                class="bp3-icon StyledProps--main copyIcon"
                data-icon="copy-alt"
              >
                <svg
                  fill="none"
                  height="20"
                  viewBox="0 0 8 9"
                  width="20"
                  xmlns="http://www.w3.org/2000/svg"
                >
                  <path
                    clip-rule="evenodd"
                    d="M7.27274 1.40268C7.27274 1.29401 7.20007 1.22201 7.09141 1.22201H3.45337C3.3447 1.22201 3.27203 1.29401 3.27203 1.40268V1.58334C3.27203 1.78201 3.1087 1.94468 2.9087 1.94468C2.70869 1.94468 2.54536 1.78201 2.54536 1.58334V1.22201C2.54536 0.825337 2.8727 0.5 3.2727 0.5H7.27274C7.67341 0.5 8.00008 0.82467 8.00075 1.22134V6.6414C8.00075 7.03873 7.67408 7.3634 7.27341 7.3634H6.18206C5.98273 7.3634 5.81806 7.2014 5.81806 7.00207C5.81806 6.8034 5.98273 6.6414 6.18206 6.6414H7.09141C7.20007 6.6414 7.27274 6.56873 7.27274 6.46073V1.40268ZM0 7.84741V2.95803C0 2.59936 0.33667 2.30602 0.748008 2.30602H4.86205C5.27339 2.30602 5.61072 2.59936 5.61072 2.95803V7.84741C5.61072 8.20675 5.27339 8.50008 4.86205 8.50008H0.748008C0.33667 8.50008 0 8.20675 0 7.84741Z"
                    fill="currentColor"
                    fill-rule="evenodd"
                  />
                </svg>
              </span>
            </div>
          </span>
        </span>
      </div>
    </div>
    <div
      class="Layout--vertical StyledProps--main"
      style="width: 511px;"
    >
      <p
        class="StyledProps--font StyledProps--main StyledProps--color StyledProps--color-black StyledProps--font-weight-bold"
      >
        delegates.delegateNotInstalled.tabs.commonProblems.checkTheDelegateLogs
      </p>
      <a
        href="https://ngdocs.harness.io/"
        rel="noreferrer"
        style="text-align: end; font-size: 13px;"
        target="_blank"
      >
        delegates.delegateNotInstalled.tabs.commonProblems.troubleshoot
      </a>
      <div
        class="StyledProps--font StyledProps--main verificationField StyledProps--intent-primary StyledProps--padding-small StyledProps--font-align-center StyledProps--flex"
      >
        <p
          class="StyledProps--font StyledProps--main"
          style="margin-right: 24px;"
        >
          delegates.delegateNotInstalled.verifyField2
        </p>
        <span
          class="bp3-popover-wrapper"
        >
          <span
            class="bp3-popover-target"
          >
            <div
              class=""
              tabindex="0"
            >
              <span
                class="bp3-icon StyledProps--main copyIcon"
                data-icon="copy-alt"
              >
                <svg
                  fill="none"
                  height="20"
                  viewBox="0 0 8 9"
                  width="20"
                  xmlns="http://www.w3.org/2000/svg"
                >
                  <path
                    clip-rule="evenodd"
                    d="M7.27274 1.40268C7.27274 1.29401 7.20007 1.22201 7.09141 1.22201H3.45337C3.3447 1.22201 3.27203 1.29401 3.27203 1.40268V1.58334C3.27203 1.78201 3.1087 1.94468 2.9087 1.94468C2.70869 1.94468 2.54536 1.78201 2.54536 1.58334V1.22201C2.54536 0.825337 2.8727 0.5 3.2727 0.5H7.27274C7.67341 0.5 8.00008 0.82467 8.00075 1.22134V6.6414C8.00075 7.03873 7.67408 7.3634 7.27341 7.3634H6.18206C5.98273 7.3634 5.81806 7.2014 5.81806 7.00207C5.81806 6.8034 5.98273 6.6414 6.18206 6.6414H7.09141C7.20007 6.6414 7.27274 6.56873 7.27274 6.46073V1.40268ZM0 7.84741V2.95803C0 2.59936 0.33667 2.30602 0.748008 2.30602H4.86205C5.27339 2.30602 5.61072 2.59936 5.61072 2.95803V7.84741C5.61072 8.20675 5.27339 8.50008 4.86205 8.50008H0.748008C0.33667 8.50008 0 8.20675 0 7.84741Z"
                    fill="currentColor"
                    fill-rule="evenodd"
                  />
                </svg>
              </span>
            </div>
          </span>
        </span>
      </div>
    </div>
    <div
      class="Layout--horizontal StyledProps--main"
      style="width: 511px;"
    >
      <p
        class="StyledProps--font Text--lineclamp StyledProps--main StyledProps--font-normal StyledProps--color StyledProps--color-grey700"
        style="line-height: 24px; --text-line-clamp: 3;"
      >
        delegates.delegateNotInstalled.tabs.commonProblems.description1
      </p>
    </div>
    <div
      class="Layout--vertical StyledProps--main"
      style="width: 511px;"
    >
      <p
        class="StyledProps--font StyledProps--main StyledProps--color StyledProps--color-black StyledProps--font-weight-bold"
      >
        delegates.delegateNotInstalled.tabs.commonProblems.description2
      </p>
      <a
        href="https://ngdocs.harness.io/"
        rel="noreferrer"
        style="text-align: end; font-size: 13px;"
        target="_blank"
      >
        delegates.delegateNotInstalled.tabs.commonProblems.troubleshoot
      </a>
      <div
        class="StyledProps--font StyledProps--main verificationField StyledProps--intent-primary StyledProps--padding-small StyledProps--font-align-center StyledProps--flex"
      >
        <p
          class="StyledProps--font StyledProps--main"
          style="margin-right: 24px;"
        >
          delegates.delegateNotInstalled.verifyField3
        </p>
        <span
          class="bp3-popover-wrapper"
        >
          <span
            class="bp3-popover-target"
          >
            <div
              class=""
              tabindex="0"
            >
              <span
                class="bp3-icon StyledProps--main copyIcon"
                data-icon="copy-alt"
              >
                <svg
                  fill="none"
                  height="20"
                  viewBox="0 0 8 9"
                  width="20"
                  xmlns="http://www.w3.org/2000/svg"
                >
                  <path
                    clip-rule="evenodd"
                    d="M7.27274 1.40268C7.27274 1.29401 7.20007 1.22201 7.09141 1.22201H3.45337C3.3447 1.22201 3.27203 1.29401 3.27203 1.40268V1.58334C3.27203 1.78201 3.1087 1.94468 2.9087 1.94468C2.70869 1.94468 2.54536 1.78201 2.54536 1.58334V1.22201C2.54536 0.825337 2.8727 0.5 3.2727 0.5H7.27274C7.67341 0.5 8.00008 0.82467 8.00075 1.22134V6.6414C8.00075 7.03873 7.67408 7.3634 7.27341 7.3634H6.18206C5.98273 7.3634 5.81806 7.2014 5.81806 7.00207C5.81806 6.8034 5.98273 6.6414 6.18206 6.6414H7.09141C7.20007 6.6414 7.27274 6.56873 7.27274 6.46073V1.40268ZM0 7.84741V2.95803C0 2.59936 0.33667 2.30602 0.748008 2.30602H4.86205C5.27339 2.30602 5.61072 2.59936 5.61072 2.95803V7.84741C5.61072 8.20675 5.27339 8.50008 4.86205 8.50008H0.748008C0.33667 8.50008 0 8.20675 0 7.84741Z"
                    fill="currentColor"
                    fill-rule="evenodd"
                  />
                </svg>
              </span>
            </div>
          </span>
        </span>
      </div>
    </div>
    <div
      class="Layout--horizontal StyledProps--main"
      style="width: 511px;"
    >
      <p
        class="StyledProps--font Text--lineclamp StyledProps--main StyledProps--font-normal StyledProps--color StyledProps--color-grey700"
        style="line-height: 24px; --text-line-clamp: 2;"
      >
        delegates.delegateNotInstalled.tabs.commonProblems.checkEndPoint
      </p>
    </div>
  </div>
</div>
`;
