// Jest Snapshot v1, https://goo.gl/fbAQLP

exports[`<ErrorHandler /> tests should render ErrorHandler component 1`] = `
<div>
  <div
    class="Layout--vertical StyledProps--main container shrink StyledProps--background-red100 StyledProps--padding-top-medium StyledProps--padding-bottom-medium StyledProps--padding-left-medium StyledProps--padding-right-medium"
  >
    <div
      class="StyledProps--font StyledProps--main scroll"
    >
      <div
        class="Layout--vertical StyledProps--main shrink"
      >
        <div
          class="StyledProps--font StyledProps--main StyledProps--margin-bottom-medium"
        >
          <span
            class="StyledProps--font StyledProps--main text StyledProps--font-weight-bold StyledProps--color StyledProps--color-red700 StyledProps--inline"
          >
            No connector found with identifier test35
          </span>
        </div>
        <div
          class="Layout--horizontal StyledProps--main StyledProps--margin-bottom-xlarge"
        >
          <span
            class="bp3-icon StyledProps--main StyledProps--margin-right-small"
            data-icon="info"
          >
            <svg
              height="16"
              viewBox="0 0 12 12"
              width="16"
              xmlns="http://www.w3.org/2000/svg"
            >
              <defs />
              <path
                clip-rule="evenodd"
                d="M0 6c0 3.31371 2.68629 6 6 6s6-2.68629 6-6-2.68629-6-6-6-6 2.68629-6 6zm.75 0c0 2.8995 2.35051 5.25 5.25 5.25 2.8995 0 5.25-2.3505 5.25-5.25C11.25 3.10051 8.8995.75 6 .75 3.10051.75.75 3.10051.75 6zm4.2063 3.104v.646h2.6814v-.646l-.8357-.14355V4.20264H4.9563v.65112l.83569.14355v3.96314L4.9563 9.104zM6.802 1.75195v1.03052H5.79199V1.75195H6.802z"
                fill-rule="evenodd"
              />
            </svg>
          </span>
          <div
            class="Layout--vertical StyledProps--main errorListTextContainer shrink"
          >
            <p
              class="StyledProps--font StyledProps--main StyledProps--font-weight-semi-bold StyledProps--font-size-small StyledProps--color StyledProps--color-black StyledProps--margin-bottom-xsmall"
            >
              common.errorHandler.issueCouldBe
            </p>
            <div
              class="StyledProps--font StyledProps--main StyledProps--margin-bottom-xsmall"
            >
              <span
                class="StyledProps--font StyledProps--main text StyledProps--color StyledProps--color-black StyledProps--font-size-small StyledProps--inline"
              >
                - No connector found with identifier test35
              </span>
            </div>
          </div>
        </div>
        <div
          class="Layout--horizontal StyledProps--main StyledProps--margin-bottom-xlarge"
        >
          <span
            class="bp3-icon bp3-icon-lightbulb StyledProps--main StyledProps--margin-right-small"
            icon="lightbulb"
          >
            <svg
              data-icon="lightbulb"
              height="16"
              viewBox="0 0 16 16"
              width="16"
            >
              <desc>
                lightbulb
              </desc>
              <path
                d="M9.01 14h-2c-.55 0-1 .45-1 1s.45 1 1 1h2c.55 0 1-.45 1-1s-.44-1-1-1zm1-3h-4c-.55 0-1 .45-1 1s.45 1 1 1h4c.55 0 1-.45 1-1s-.44-1-1-1zm-2-11C5.26 0 3.03 1.95 3.03 4.35c0 2.37 1.63 2.64 1.94 5.22 0 .24.22.44.5.44h5.09c.28 0 .5-.19.5-.44C11.37 6.99 13 6.72 13 4.35 13 1.95 10.77 0 8.01 0z"
                fill-rule="evenodd"
              />
            </svg>
          </span>
          <div
            class="Layout--vertical StyledProps--main errorListTextContainer shrink"
          >
            <p
              class="StyledProps--font StyledProps--main StyledProps--font-weight-semi-bold StyledProps--font-size-small StyledProps--color StyledProps--color-black StyledProps--margin-bottom-xsmall"
            >
              common.errorHandler.tryTheseSuggestions
            </p>
            <div
              class="StyledProps--font StyledProps--main StyledProps--margin-bottom-xsmall"
            >
              <span
                class="StyledProps--font StyledProps--main text StyledProps--color StyledProps--color-black StyledProps--font-size-small StyledProps--inline"
              >
                - No connector found with identifier test35
              </span>
            </div>
          </div>
        </div>
      </div>
    </div>
  </div>
</div>
`;
